// Jest Snapshot v1, https://goo.gl/fbAQLP

exports[`Card snapshot a book card 1`] = `
<div>
  <div
    class="relative flex flex-col mb-4 w-28"
  >
    <figure
      class="flex justify-center items-center"
    >
      <a
        class="relative w-full h-[calc(7rem/2*3)]"
        href="/books/1"
      >
        <span
          style="box-sizing: border-box; display: block; overflow: hidden; background: none; opacity: 1; border: 0px; margin: 0px; padding: 0px; position: absolute; top: 0px; left: 0px; bottom: 0px; right: 0px;"
        >
          <img
            alt="This is an example book"
            data-nimg="fill"
            decoding="async"
            src="data:image/gif;base64,R0lGODlhAQABAIAAAAAAAP///yH5BAEAAAAALAAAAAABAAEAAAIBRAA7"
            style="position: absolute; top: 0px; left: 0px; bottom: 0px; right: 0px; box-sizing: border-box; padding: 0px; margin: auto; display: block; width: 0px; height: 0px; min-width: 100%; max-width: 100%; min-height: 100%; max-height: 100%;"
          />
          <noscript />
        </span>
      </a>
    </figure>
    <div
      class="flex flex-col text-sm"
    >
      <a
        class="link no-underline text-primary hover:bg-primary hover:text-primary-content focus:bg-primary-focus focus:text-primary-content"
        href="/books/1"
      >
        <h2
          class="truncate"
        >
          This is an example book
        </h2>
      </a>
      <p
        class="truncate"
      >
        No One
      </p>
    </div>
  </div>
</div>
`;

exports[`Card snapshot a book skeleton card 1`] = `
<div>
  <div
    class="animate-pulse relative flex flex-col mb-4 w-28"
  >
    <figure
      class="flex justify-center items-center h-[calc(7rem/2*3)] rounded bg-base-300 mb-2"
    />
    <div
      class="flex flex-col"
    >
      <h2
        class="w-24 h-2 rounded bg-base-300 mb-2"
      />
      <p
        class="w-20 h-2 rounded bg-base-300 mb-2"
      />
    </div>
  </div>
</div>
`;
