// Jest Snapshot v1, https://goo.gl/fbAQLP

exports[`User snapshot a user menu 1`] = `
<div>
  <a
    class="btn btn-link btn-xs normal-case"
  >
    Sign in / Sign up
  </a>
</div>
`;

exports[`User snapshot a user menu with a user 1`] = `
<div>
  <div
    class="dropdown dropdown-end"
  >
    <label
      class="btn btn-link btn-xs normal-case text-base-content"
      tabindex="0"
    >
      Hi! 
      <b>
        testUser
      </b>
    </label>
    <ul
      class="menu menu-compact dropdown-content shadow bg-base-300 rounded-box w-52 mt-4"
      tabindex="0"
    >
      <li>
        <a
          class="justify-between"
          href="/#"
        >
          testItem
          <span
            class="badge"
          >
            1
          </span>
        </a>
      </li>
    </ul>
  </div>
</div>
`;
